F                                                                        [100%]
================================== FAILURES ===================================
___________________________ test_personal_user_send ___________________________

    @pytest.mark.asyncio
    async def test_personal_user_send():
        from platforms.telegram_group_bot import TelegramGroupBot
        from core.content_gen import ContentGenerator
        import sys
    
        # Ensure dashboard bot is not imported
        if "dashboard.telegram_bot" in sys.modules:
            del sys.modules["dashboard.telegram_bot"]
    
        db = Mock(spec=Database)
        db.get_account_health.return_value = ('healthy', None)
    
        content_gen = Mock(spec=ContentGenerator)
        content_gen.generate_telegram_reply.return_value = "This is a reply"
        db.update_opportunity_status.return_value = True
    
        config = {
            "account_id": "a1",
            "business_id": "b1",
            "api_id": "1",
            "api_hash": "2",
            "session_file": "data/session.file",
            "phone": "123"
        }
    
        bot = TelegramGroupBot(db, content_gen, config)
    
        class FakeMessage:
            def __init__(self, id):
                self.id = id
    
        class FakeEntity:
            def __init__(self, id, title):
                self.id = id
                self.title = title
                self.username = "testgroup"
    
        class FakeClient:
            def __init__(self):
                self.sends = []
    
            async def connect(self):
                pass
    
            async def is_user_authorized(self):
                return True
    
            def is_connected(self):
                return True
    
            async def get_me(self):
                m = Mock()
                m.bot = False
                m.username = "user_account"
                return m
    
            async def get_entity(self, entity_id):
                return FakeEntity(entity_id, "Test Group")
    
            async def get_messages(self, entity, ids):
                return FakeMessage(ids)
    
            async def send_message(self, entity, message, reply_to=None):
                self.sends.append((entity, message, reply_to))
    
        fake_client = FakeClient()
        bot.client = fake_client
        bot._authenticated = True
    
        opp = {
            "id": "opp1",
            "context_url": "tg://resolve?domain=testgroup&post=42",
            "group_id": -100123456,
            "target_id": "opp1",
            "message_id": 42,
            "content": "Does anyone know a tool for X?",
            "metadata": {}
        }
    
        # Patch asyncio.sleep to be fast
        with patch("asyncio.sleep", new_callable=AsyncMock):
>           result = await bot._act_async(opp)
E           TypeError: TelegramGroupBot._act_async() missing 1 required positional argument: 'project'

tests\test_telegram_identity.py:152: TypeError
============================== warnings summary ===============================
..\..\..\..\Users\zelen\AppData\Roaming\Python\Python314\site-packages\pytest_asyncio\plugin.py:179: 111 warnings
  C:\Users\zelen\AppData\Roaming\Python\Python314\site-packages\pytest_asyncio\plugin.py:179: DeprecationWarning: 'asyncio.iscoroutinefunction' is deprecated and slated for removal in Python 3.16; use inspect.iscoroutinefunction() instead
    return asyncio.iscoroutinefunction(obj) or inspect.isasyncgenfunction(obj)

..\..\..\..\Users\zelen\AppData\Roaming\Python\Python314\site-packages\pytest_asyncio\plugin.py:450
..\..\..\..\Users\zelen\AppData\Roaming\Python\Python314\site-packages\pytest_asyncio\plugin.py:450
..\..\..\..\Users\zelen\AppData\Roaming\Python\Python314\site-packages\pytest_asyncio\plugin.py:450
  C:\Users\zelen\AppData\Roaming\Python\Python314\site-packages\pytest_asyncio\plugin.py:450: DeprecationWarning: 'asyncio.iscoroutinefunction' is deprecated and slated for removal in Python 3.16; use inspect.iscoroutinefunction() instead
    return asyncio.iscoroutinefunction(func)

.worktrees/005/tests/test_telegram_identity.py::test_personal_user_send
  C:\Users\zelen\AppData\Roaming\Python\Python314\site-packages\pytest_asyncio\plugin.py:1056: DeprecationWarning: 'asyncio.get_event_loop_policy' is deprecated and slated for removal in Python 3.16
    return asyncio.get_event_loop_policy()

.worktrees/005/tests/test_telegram_identity.py::test_personal_user_send
  C:\Users\zelen\AppData\Roaming\Python\Python314\site-packages\pytest_asyncio\plugin.py:773: DeprecationWarning: 'asyncio.get_event_loop_policy' is deprecated and slated for removal in Python 3.16
    _restore_event_loop_policy(asyncio.get_event_loop_policy()),

.worktrees/005/tests/test_telegram_identity.py::test_personal_user_send
  C:\Users\zelen\AppData\Roaming\Python\Python314\site-packages\pytest_asyncio\plugin.py:1028: DeprecationWarning: 'asyncio.set_event_loop_policy' is deprecated and slated for removal in Python 3.16
    asyncio.set_event_loop_policy(new_loop_policy)

.worktrees/005/tests/test_telegram_identity.py::test_personal_user_send
  C:\Users\zelen\AppData\Roaming\Python\Python314\site-packages\pytest_asyncio\plugin.py:1029: DeprecationWarning: 'asyncio.get_event_loop_policy' is deprecated and slated for removal in Python 3.16
    loop = asyncio.get_event_loop_policy().new_event_loop()

.worktrees/005/tests/test_telegram_identity.py::test_personal_user_send
  C:\Users\zelen\AppData\Roaming\Python\Python314\site-packages\pytest_asyncio\plugin.py:788: DeprecationWarning: 'asyncio.get_event_loop_policy' is deprecated and slated for removal in Python 3.16
    policy = asyncio.get_event_loop_policy()

.worktrees/005/tests/test_telegram_identity.py::test_personal_user_send
  C:\Users\zelen\AppData\Roaming\Python\Python314\site-packages\pytest_asyncio\plugin.py:833: DeprecationWarning: 'asyncio.get_event_loop_policy' is deprecated and slated for removal in Python 3.16
    policy = asyncio.get_event_loop_policy()

.worktrees/005/tests/test_telegram_identity.py::test_personal_user_send
  C:\Users\zelen\AppData\Roaming\Python\Python314\site-packages\pytest_asyncio\plugin.py:857: DeprecationWarning: 'asyncio.set_event_loop_policy' is deprecated and slated for removal in Python 3.16
    asyncio.set_event_loop_policy(previous_policy)

.worktrees/005/tests/test_telegram_identity.py::test_personal_user_send
  C:\Users\zelen\AppData\Roaming\Python\Python314\site-packages\pytest_asyncio\plugin.py:869: DeprecationWarning: 'asyncio.get_event_loop_policy' is deprecated and slated for removal in Python 3.16
    policy = asyncio.get_event_loop_policy()

-- Docs: https://docs.pytest.org/en/stable/how-to/capture-warnings.html
=========================== short test summary info ===========================
FAILED tests\test_telegram_identity.py::test_personal_user_send - TypeError: ...
1 failed, 2 deselected, 122 warnings in 22.60s
